// Jest Snapshot v1, https://goo.gl/fbAQLP

exports[`Check for any changes to the component 1`] = `
<div
  className="div-container"
>
  <p
    className="text-p"
  >
    Lets do some math!
  </p>
  <div
    className="calculat"
  >
    <div
      className="input"
      data-testid="display"
    />
    <div
      className="parent"
    >
      <button
        className="button"
        onClick={[Function]}
        type="submit"
      >
        AC
      </button>
      <button
        className="button"
        onClick={[Function]}
        type="submit"
      >
        +/-
      </button>
      <button
        className="button"
        onClick={[Function]}
        type="submit"
      >
        %
      </button>
      <button
        className="button-color"
        data-testid="+"
        onClick={[Function]}
        type="submit"
      >
        +
      </button>
      <button
        className="button"
        onClick={[Function]}
        type="submit"
      >
        7
      </button>
      <button
        className="button"
        onClick={[Function]}
        type="submit"
      >
        8
      </button>
      <button
        className="button"
        onClick={[Function]}
        type="submit"
      >
        9
      </button>
      <button
        className="button-color"
        onClick={[Function]}
        type="submit"
      >
        x
      </button>
      <button
        className="button"
        onClick={[Function]}
        type="submit"
      >
        4
      </button>
      <button
        className="button"
        onClick={[Function]}
        type="submit"
      >
        5
      </button>
      <button
        className="button"
        onClick={[Function]}
        type="submit"
      >
        6
      </button>
      <button
        className="button-color"
        onClick={[Function]}
        type="submit"
      >
        -
      </button>
      <button
        className="button"
        onClick={[Function]}
        type="submit"
      >
        1
      </button>
      <button
        className="button"
        onClick={[Function]}
        type="submit"
      >
        2
      </button>
      <button
        className="button"
        onClick={[Function]}
        type="submit"
      >
        3
      </button>
      <button
        className="button-color"
        onClick={[Function]}
        type="submit"
      >
        +
      </button>
      <button
        className="button-zero"
        onClick={[Function]}
        type="submit"
      >
        0
      </button>
      <button
        className="button"
        onClick={[Function]}
        type="submit"
      >
        .
      </button>
      <button
        className="button-color"
        onClick={[Function]}
        type="submit"
      >
        =
      </button>
    </div>
  </div>
</div>
`;
